
[Test_mergePaths/test_normal_path_join - 1]
/test/path
---

[Test_mergePaths/normal_path_join - 1]
/test/path
nil
---

[Test_mergePaths/common_base_path - 1]
/test/test/hi
nil
---

[Test_mergePaths/with_variables - 1]
/test/{something}/test/hi/ok
nil
---

[Test_mergePaths/with_methods - 1]
/
nil
---

[Test_mergePaths/root_path_join - 1]
/
nil
---

[Test_mergePaths/with_host - 1]
example.com:99/
nil
---

[Test_mergePaths/with_host_and_method - 1]
GET example.com/
nil
---

[Test_mergePaths/with_method_and_host - 1]
/example/
nil
---

[Test_mergePaths/with_mismatch_methods - 1]

&errors.errorString{s:"method mismatch (ns != path): \"GET\" != \"POST\""}
---

[Test_mergePaths/with_mismatch_hosts - 1]

&errors.errorString{s:"host mismatch (ns != path): \"example.com\" != \"example1.com\""}
---

[Test_mergePaths/with_matching_hosts - 1]
example.com/example/
nil
---

[Test_mergePaths/multiple_slashes - 1]
//
nil
---
